// Jest Snapshot v1, https://goo.gl/fbAQLP

exports[`Basic render works 1`] = `
<div
  className="css-73phlt"
>
  Loading...
</div>
`;
